******************************************************************************
                  TMS470 Linker PC v4.9.5                      
******************************************************************************
>> Linked Wed Mar 27 21:59:01 2013

OUTPUT FILE NAME:   <StellarisPort.out>
ENTRY POINT SYMBOL: "_c_int00"  address: 00000ce9


MEMORY CONFIGURATION

         name            origin    length      used     unused   attr    fill
----------------------  --------  ---------  --------  --------  ----  --------
  FLASH                 00000000   00040000  00001096  0003ef6a  R  X
  SRAM                  20000000   00008000  00000114  00007eec  RW X


SEGMENT ALLOCATION MAP

run origin  load origin   length   init length attrs members
----------  ----------- ---------- ----------- ----- -------
00000000    00000000    00001098   00001098    r-x
  00000000    00000000    0000026c   0000026c    r-- .intvecs
  0000026c    0000026c    00000c76   00000c76    r-x .text
  00000ee4    00000ee4    00000194   00000194    r-- .const
  00001078    00001078    00000020   00000020    r-- .cinit
20000000    20000000    00000100   00000000    rw-
  20000000    20000000    00000100   00000000    rw- .stack
20000100    20000100    00000014   00000014    rw-
  20000100    20000100    00000014   00000014    rw- .data


SECTION ALLOCATION MAP

 output                                  attributes/
section   page    origin      length       input sections
--------  ----  ----------  ----------   ----------------
.intvecs   0    00000000    0000026c     
                  00000000    0000026c     startup_ccs.obj (.intvecs)

.text      0    0000026c    00000c76     
                  0000026c    000003c0     main.obj (.text)
                  0000062c    000001d8     driverlib-cm4f.lib : sysctl.obj (.text:SysCtlClockGet)
                  00000804    0000013c                        : sysctl.obj (.text:SysCtlClockSet)
                  00000940    000000c8                        : gpio.obj (.text:GPIOPadConfigSet)
                  00000a08    0000009c     rtsv7M4_T_le_v4SPD16_eabi.lib : memcpy_t2.obj (.text)
                  00000aa4    00000094                                   : auto_init.obj (.text)
                  00000b38    00000064     driverlib-cm4f.lib : interrupt.obj (.text:IntEnable)
                  00000b9c    0000005e     rtsv7M4_T_le_v4SPD16_eabi.lib : copy_decompress_rle.obj (.text)
                  00000bfa    00000002     --HOLE-- [fill = 0]
                  00000bfc    00000058     driverlib-cm4f.lib : sysctl.obj (.text:SysCtlPeripheralEnable)
                  00000c54    0000004c     rtsv7M4_T_le_v4SPD16_eabi.lib : cpy_tbl.obj (.text)
                  00000ca0    00000048     driverlib-cm4f.lib : gpio.obj (.text:GPIOPinConfigure)
                  00000ce8    00000048     rtsv7M4_T_le_v4SPD16_eabi.lib : boot.obj (.text)
                  00000d30    00000044                                   : exit.obj (.text)
                  00000d74    00000042     driverlib-cm4f.lib : uart.obj (.text:UARTConfigSetExpClk)
                  00000db6    0000002e                        : gpio.obj (.text:GPIODirModeSet)
                  00000de4    0000001c                        : uart.obj (.text:UARTDisable)
                  00000e00    00000018     rtsv7M4_T_le_v4SPD16_eabi.lib : _lock.obj (.text)
                  00000e18    00000018                                   : args_main.obj (.text)
                  00000e30    00000014     driverlib-cm4f.lib : uart.obj (.text:UARTEnable)
                  00000e44    00000012                        : gpio.obj (.text:GPIOPinTypeGPIOInput)
                  00000e56    00000012                        : gpio.obj (.text:GPIOPinTypeGPIOOutput)
                  00000e68    00000012                        : gpio.obj (.text:GPIOPinTypeUART)
                  00000e7a    00000010                        : uart.obj (.text:UARTCharPutNonBlocking)
                  00000e8a    0000000e     rtsv7M4_T_le_v4SPD16_eabi.lib : copy_decompress_none.obj (.text:decompress:none)
                  00000e98    0000000c     driverlib-cm4f.lib : cpu.obj (.text:CPUcpsie)
                  00000ea4    0000000c     startup_ccs.obj (.text)
                  00000eb0    0000000a     driverlib-cm4f.lib : gpio.obj (.text:GPIOPinRead)
                  00000eba    0000000a                        : gpio.obj (.text:GPIOPinWrite)
                  00000ec4    0000000a                        : interrupt.obj (.text:IntMasterEnable)
                  00000ece    00000008                        : uart.obj (.text:UARTIntEnable)
                  00000ed6    00000006                        : sysctl.obj (.text:SysCtlDelay)
                  00000edc    00000006     rtsv7M4_T_le_v4SPD16_eabi.lib : copy_decompress_rle.obj (.text:decompress:rle24)

.const     0    00000ee4    00000194     
                  00000ee4    00000078     driverlib-cm4f.lib : gpio.obj (.const:g_pulGPIOBaseAddrs)
                  00000f5c    00000070                        : interrupt.obj (.const)
                  00000fcc    0000006c                        : sysctl.obj (.const:g_pulXtals)
                  00001038    00000040                        : sysctl.obj (.const)

.cinit     0    00001078    00000020     
                  00001078    0000000f     (.cinit..data.load) [load image, compression = rle]
                  00001087    00000001     --HOLE-- [fill = 0]
                  00001088    00000008     (__TI_handler_table)
                  00001090    00000008     (__TI_cinit_table)

.stack     0    20000000    00000100     UNINITIALIZED
                  20000000    00000100     --HOLE--

.data      0    20000100    00000014     
                  20000100    00000008     rtsv7M4_T_le_v4SPD16_eabi.lib : _lock.obj (.data)
                  20000108    00000008                                   : exit.obj (.data)
                  20000110    00000004                                   : stkdepth_vars.obj (.data)


LINKER GENERATED COPY TABLES

__TI_cinit_table @ 00001090 records: 1, size/record: 8, table size: 8
	.data: load addr=00001078, load size=0000000f bytes, run addr=20000100, run size=00000014 bytes, compression=rle


LINKER GENERATED HANDLER TABLE

__TI_handler_table @ 00001088 records: 2, size/record: 4, table size: 8
	index: 0, handler: __TI_decompress_rle24
	index: 1, handler: __TI_decompress_none


GLOBAL SYMBOLS: SORTED ALPHABETICALLY BY Name 

address    name
--------   ----
00000d31   C$$EXIT
00000e99   CPUcpsie
00000db7   GPIODirModeSet
00000941   GPIOPadConfigSet
00000ca1   GPIOPinConfigure
00000eb1   GPIOPinRead
00000e45   GPIOPinTypeGPIOInput
00000e57   GPIOPinTypeGPIOOutput
00000e69   GPIOPinTypeUART
00000ebb   GPIOPinWrite
000002c7   GetActuators
00000b39   IntEnable
00000ec5   IntMasterEnable
00000ea5   ResetISR
UNDEFED    SHT$$INIT_ARRAY$$Base
UNDEFED    SHT$$INIT_ARRAY$$Limit
000003c3   SetSensors
0000062d   SysCtlClockGet
00000805   SysCtlClockSet
00000ed7   SysCtlDelay
00000bfd   SysCtlPeripheralEnable
00000e7b   UARTCharPutNonBlocking
00000d75   UARTConfigSetExpClk
00000de5   UARTDisable
00000e31   UARTEnable
00000ecf   UARTIntEnable
0000026d   UARTSend
20000100   __STACK_END
00000100   __STACK_SIZE
20000100   __STACK_TOP
00001090   __TI_CINIT_Base
00001098   __TI_CINIT_Limit
00001088   __TI_Handler_Table_Base
00001090   __TI_Handler_Table_Limit
00000001   __TI_args_main
00000aa5   __TI_auto_init
00000e8b   __TI_decompress_none
00000edd   __TI_decompress_rle24
00000000   __TI_static_base__
00000a09   __aeabi_memcpy
00000a09   __aeabi_memcpy4
00000a09   __aeabi_memcpy8
ffffffff   __binit__
ffffffff   __c_args__
00000297   __error__
20000000   __stack
00000e19   _args_main
00000ce9   _c_int00
20000108   _cleanup_ptr
2000010c   _dtors_ptr
20000100   _lock
00000e0d   _nop
00000e07   _register_lock
00000e01   _register_unlock
20000104   _unlock
00000d35   abort
ffffffff   binit
00000c55   copy_in
00000d3d   exit
00000000   g_pfnVectors
00000501   initPeripherals
000002a1   main
20000110   main_func_sp
00000a09   memcpy


GLOBAL SYMBOLS: SORTED BY Symbol Address 

address    name
--------   ----
00000000   __TI_static_base__
00000000   g_pfnVectors
00000001   __TI_args_main
00000100   __STACK_SIZE
0000026d   UARTSend
00000297   __error__
000002a1   main
000002c7   GetActuators
000003c3   SetSensors
00000501   initPeripherals
0000062d   SysCtlClockGet
00000805   SysCtlClockSet
00000941   GPIOPadConfigSet
00000a09   __aeabi_memcpy
00000a09   __aeabi_memcpy4
00000a09   __aeabi_memcpy8
00000a09   memcpy
00000aa5   __TI_auto_init
00000b39   IntEnable
00000bfd   SysCtlPeripheralEnable
00000c55   copy_in
00000ca1   GPIOPinConfigure
00000ce9   _c_int00
00000d31   C$$EXIT
00000d35   abort
00000d3d   exit
00000d75   UARTConfigSetExpClk
00000db7   GPIODirModeSet
00000de5   UARTDisable
00000e01   _register_unlock
00000e07   _register_lock
00000e0d   _nop
00000e19   _args_main
00000e31   UARTEnable
00000e45   GPIOPinTypeGPIOInput
00000e57   GPIOPinTypeGPIOOutput
00000e69   GPIOPinTypeUART
00000e7b   UARTCharPutNonBlocking
00000e8b   __TI_decompress_none
00000e99   CPUcpsie
00000ea5   ResetISR
00000eb1   GPIOPinRead
00000ebb   GPIOPinWrite
00000ec5   IntMasterEnable
00000ecf   UARTIntEnable
00000ed7   SysCtlDelay
00000edd   __TI_decompress_rle24
00001088   __TI_Handler_Table_Base
00001090   __TI_CINIT_Base
00001090   __TI_Handler_Table_Limit
00001098   __TI_CINIT_Limit
20000000   __stack
20000100   __STACK_END
20000100   __STACK_TOP
20000100   _lock
20000104   _unlock
20000108   _cleanup_ptr
2000010c   _dtors_ptr
20000110   main_func_sp
ffffffff   __binit__
ffffffff   __c_args__
ffffffff   binit
UNDEFED    SHT$$INIT_ARRAY$$Base
UNDEFED    SHT$$INIT_ARRAY$$Limit

[64 symbols]
