******************************************************************************
                  TMS470 Linker PC v4.9.5                      
******************************************************************************
>> Linked Wed Mar 27 19:27:27 2013

OUTPUT FILE NAME:   <StellarisPort.out>
ENTRY POINT SYMBOL: "_c_int00"  address: 000007d9


MEMORY CONFIGURATION

         name            origin    length      used     unused   attr    fill
----------------------  --------  ---------  --------  --------  ----  --------
  FLASH                 00000000   00040000  00000b56  0003f4aa  R  X
  SRAM                  20000000   00008000  00000114  00007eec  RW X


SEGMENT ALLOCATION MAP

run origin  load origin   length   init length attrs members
----------  ----------- ---------- ----------- ----- -------
00000000    00000000    00000b58   00000b58    r-x
  00000000    00000000    000009a2   000009a2    r-x .text
  000009a4    000009a4    00000194   00000194    r-- .const
  00000b38    00000b38    00000020   00000020    r-- .cinit
20000000    20000000    00000100   00000000    rw-
  20000000    20000000    00000100   00000000    rw- .stack
20000100    20000100    00000014   00000014    rw-
  20000100    20000100    00000014   00000014    rw- .data


SECTION ALLOCATION MAP

 output                                  attributes/
section   page    origin      length       input sections
--------  ----  ----------  ----------   ----------------
.text      0    00000000    000009a2     
                  00000000    000001d8     driverlib-cm4f.lib : sysctl.obj (.text:SysCtlClockGet)
                  000001d8    0000013c                        : sysctl.obj (.text:SysCtlClockSet)
                  00000314    0000011c     main.obj (.text)
                  00000430    000000c8     driverlib-cm4f.lib : gpio.obj (.text:GPIOPadConfigSet)
                  000004f8    0000009c     rtsv7M4_T_le_v4SPD16_eabi.lib : memcpy_t2.obj (.text)
                  00000594    00000094                                   : auto_init.obj (.text)
                  00000628    00000064     driverlib-cm4f.lib : interrupt.obj (.text:IntEnable)
                  0000068c    0000005e     rtsv7M4_T_le_v4SPD16_eabi.lib : copy_decompress_rle.obj (.text)
                  000006ea    00000002     --HOLE-- [fill = 0]
                  000006ec    00000058     driverlib-cm4f.lib : sysctl.obj (.text:SysCtlPeripheralEnable)
                  00000744    0000004c     rtsv7M4_T_le_v4SPD16_eabi.lib : cpy_tbl.obj (.text)
                  00000790    00000048     driverlib-cm4f.lib : gpio.obj (.text:GPIOPinConfigure)
                  000007d8    00000048     rtsv7M4_T_le_v4SPD16_eabi.lib : boot.obj (.text)
                  00000820    00000044                                   : exit.obj (.text)
                  00000864    00000042     driverlib-cm4f.lib : uart.obj (.text:UARTConfigSetExpClk)
                  000008a6    0000002e                        : gpio.obj (.text:GPIODirModeSet)
                  000008d4    0000001c                        : uart.obj (.text:UARTDisable)
                  000008f0    00000018     rtsv7M4_T_le_v4SPD16_eabi.lib : _lock.obj (.text)
                  00000908    00000018                                   : args_main.obj (.text)
                  00000920    00000014     driverlib-cm4f.lib : uart.obj (.text:UARTEnable)
                  00000934    00000012                        : gpio.obj (.text:GPIOPinTypeGPIOInput)
                  00000946    00000012                        : gpio.obj (.text:GPIOPinTypeGPIOOutput)
                  00000958    00000012                        : gpio.obj (.text:GPIOPinTypeUART)
                  0000096a    0000000e     rtsv7M4_T_le_v4SPD16_eabi.lib : copy_decompress_none.obj (.text:decompress:none)
                  00000978    0000000c     driverlib-cm4f.lib : cpu.obj (.text:CPUcpsie)
                  00000984    0000000a                        : interrupt.obj (.text:IntMasterEnable)
                  0000098e    00000008                        : uart.obj (.text:UARTIntEnable)
                  00000996    00000006                        : sysctl.obj (.text:SysCtlDelay)
                  0000099c    00000006     rtsv7M4_T_le_v4SPD16_eabi.lib : copy_decompress_rle.obj (.text:decompress:rle24)

.const     0    000009a4    00000194     
                  000009a4    00000078     driverlib-cm4f.lib : gpio.obj (.const:g_pulGPIOBaseAddrs)
                  00000a1c    00000070                        : interrupt.obj (.const)
                  00000a8c    0000006c                        : sysctl.obj (.const:g_pulXtals)
                  00000af8    00000040                        : sysctl.obj (.const)

.cinit     0    00000b38    00000020     
                  00000b38    0000000f     (.cinit..data.load) [load image, compression = rle]
                  00000b47    00000001     --HOLE-- [fill = 0]
                  00000b48    00000008     (__TI_handler_table)
                  00000b50    00000008     (__TI_cinit_table)

.stack     0    20000000    00000100     UNINITIALIZED
                  20000000    00000100     --HOLE--

.data      0    20000100    00000014     
                  20000100    00000008     rtsv7M4_T_le_v4SPD16_eabi.lib : _lock.obj (.data)
                  20000108    00000008                                   : exit.obj (.data)
                  20000110    00000004                                   : stkdepth_vars.obj (.data)


LINKER GENERATED COPY TABLES

__TI_cinit_table @ 00000b50 records: 1, size/record: 8, table size: 8
	.data: load addr=00000b38, load size=0000000f bytes, run addr=20000100, run size=00000014 bytes, compression=rle


LINKER GENERATED HANDLER TABLE

__TI_handler_table @ 00000b48 records: 2, size/record: 4, table size: 8
	index: 0, handler: __TI_decompress_rle24
	index: 1, handler: __TI_decompress_none


GLOBAL SYMBOLS: SORTED ALPHABETICALLY BY Name 

address    name
--------   ----
00000821   C$$EXIT
00000979   CPUcpsie
000008a7   GPIODirModeSet
00000431   GPIOPadConfigSet
00000791   GPIOPinConfigure
00000935   GPIOPinTypeGPIOInput
00000947   GPIOPinTypeGPIOOutput
00000959   GPIOPinTypeUART
00000629   IntEnable
00000985   IntMasterEnable
UNDEFED    SHT$$INIT_ARRAY$$Base
UNDEFED    SHT$$INIT_ARRAY$$Limit
00000001   SysCtlClockGet
000001d9   SysCtlClockSet
00000997   SysCtlDelay
000006ed   SysCtlPeripheralEnable
00000865   UARTConfigSetExpClk
000008d5   UARTDisable
00000921   UARTEnable
0000098f   UARTIntEnable
20000100   __STACK_END
00000100   __STACK_SIZE
20000100   __STACK_TOP
00000b50   __TI_CINIT_Base
00000b58   __TI_CINIT_Limit
00000b48   __TI_Handler_Table_Base
00000b50   __TI_Handler_Table_Limit
00000001   __TI_args_main
00000595   __TI_auto_init
0000096b   __TI_decompress_none
0000099d   __TI_decompress_rle24
00000000   __TI_static_base__
000004f9   __aeabi_memcpy
000004f9   __aeabi_memcpy4
000004f9   __aeabi_memcpy8
ffffffff   __binit__
ffffffff   __c_args__
20000000   __stack
00000909   _args_main
000007d9   _c_int00
20000108   _cleanup_ptr
2000010c   _dtors_ptr
20000100   _lock
000008fd   _nop
000008f7   _register_lock
000008f1   _register_unlock
20000104   _unlock
00000825   abort
ffffffff   binit
00000745   copy_in
0000082d   exit
0000031d   initPeripherals
00000315   main
20000110   main_func_sp
000004f9   memcpy


GLOBAL SYMBOLS: SORTED BY Symbol Address 

address    name
--------   ----
00000000   __TI_static_base__
00000001   SysCtlClockGet
00000001   __TI_args_main
00000100   __STACK_SIZE
000001d9   SysCtlClockSet
00000315   main
0000031d   initPeripherals
00000431   GPIOPadConfigSet
000004f9   __aeabi_memcpy
000004f9   __aeabi_memcpy4
000004f9   __aeabi_memcpy8
000004f9   memcpy
00000595   __TI_auto_init
00000629   IntEnable
000006ed   SysCtlPeripheralEnable
00000745   copy_in
00000791   GPIOPinConfigure
000007d9   _c_int00
00000821   C$$EXIT
00000825   abort
0000082d   exit
00000865   UARTConfigSetExpClk
000008a7   GPIODirModeSet
000008d5   UARTDisable
000008f1   _register_unlock
000008f7   _register_lock
000008fd   _nop
00000909   _args_main
00000921   UARTEnable
00000935   GPIOPinTypeGPIOInput
00000947   GPIOPinTypeGPIOOutput
00000959   GPIOPinTypeUART
0000096b   __TI_decompress_none
00000979   CPUcpsie
00000985   IntMasterEnable
0000098f   UARTIntEnable
00000997   SysCtlDelay
0000099d   __TI_decompress_rle24
00000b48   __TI_Handler_Table_Base
00000b50   __TI_CINIT_Base
00000b50   __TI_Handler_Table_Limit
00000b58   __TI_CINIT_Limit
20000000   __stack
20000100   __STACK_END
20000100   __STACK_TOP
20000100   _lock
20000104   _unlock
20000108   _cleanup_ptr
2000010c   _dtors_ptr
20000110   main_func_sp
ffffffff   __binit__
ffffffff   __c_args__
ffffffff   binit
UNDEFED    SHT$$INIT_ARRAY$$Base
UNDEFED    SHT$$INIT_ARRAY$$Limit

[55 symbols]
